4re5/4re5.svg
action/3d_rotation.svg
action/accessibility.svg
action/accessibility_new.svg
action/accessible.svg
action/accessible_forward.svg
action/account_balance.svg
action/account_balance_wallet.svg
action/account_box.svg
action/account_circle.svg
action/addchart.svg
action/add_shopping_cart.svg
action/add_task.svg
action/admin_panel_settings.svg
action/alarm.svg
action/alarm_add.svg
action/alarm_off.svg
action/alarm_on.svg
action/all_inbox.svg
action/all_out.svg
action/analytics.svg
action/anchor.svg
action/android.svg
action/announcement.svg
action/api.svg
action/app_blocking.svg
action/arrow_circle_down.svg
action/arrow_circle_up.svg
action/arrow_right_alt.svg
action/article.svg
action/aspect_ratio.svg
action/assessment.svg
action/assignment.svg
action/assignment_ind.svg
action/assignment_late.svg
action/assignment_return.svg
action/assignment_returned.svg
action/assignment_turned_in.svg
action/autorenew.svg
action/backup.svg
action/backup_table.svg
action/batch_prediction.svg
action/book.svg
action/bookmark.svg
action/bookmarks.svg
action/bookmark_border.svg
action/book_online.svg
action/bug_report.svg
action/build.svg
action/build_circle.svg
action/cached.svg
action/calendar_today.svg
action/calendar_view_day.svg
action/camera_enhance.svg
action/cancel_schedule_send.svg
action/card_giftcard.svg
action/card_membership.svg
action/card_travel.svg
action/change_history.svg
action/check_circle.svg
action/check_circle_outline.svg
action/chrome_reader_mode.svg
action/class.svg
action/close_fullscreen.svg
action/code.svg
action/comment_bank.svg
action/commute.svg
action/compare_arrows.svg
action/contactless.svg
action/contact_page.svg
action/contact_support.svg
action/copyright.svg
action/credit_card.svg
action/dashboard.svg
action/date_range.svg
action/delete.svg
action/delete_forever.svg
action/delete_outline.svg
action/description.svg
action/disabled_by_default.svg
action/dns.svg
action/done.svg
action/done_all.svg
action/done_outline.svg
action/donut_large.svg
action/donut_small.svg
action/drag_indicator.svg
action/dynamic_form.svg
action/eco.svg
action/eject.svg
action/euro_symbol.svg
action/event.svg
action/event_seat.svg
action/exit_to_app.svg
action/explore.svg
action/explore_off.svg
action/extension.svg
action/face.svg
action/face_unlock.svg
action/fact_check.svg
action/favorite.svg
action/favorite_border.svg
action/feedback.svg
action/filter_alt.svg
action/find_in_page.svg
action/find_replace.svg
action/fingerprint.svg
action/flaky.svg
action/flight_land.svg
action/flight_takeoff.svg
action/flip_to_back.svg
action/flip_to_front.svg
action/gavel.svg
action/get_app.svg
action/gif.svg
action/grade.svg
action/grading.svg
action/group_work.svg
action/g_translate.svg
action/help.svg
action/help_center.svg
action/help_outline.svg
action/highlight_alt.svg
action/highlight_off.svg
action/history.svg
action/history_toggle_off.svg
action/home.svg
action/horizontal_split.svg
action/hourglass_disabled.svg
action/hourglass_empty.svg
action/hourglass_full.svg
action/http.svg
action/https.svg
action/important_devices.svg
action/info.svg
action/info_outline.svg
action/input.svg
action/integration_instructions.svg
action/invert_colors.svg
action/label.svg
action/label_important.svg
action/label_important_outline.svg
action/label_off.svg
action/label_outline.svg
action/language.svg
action/launch.svg
action/leaderboard.svg
action/lightbulb_outline.svg
action/line_style.svg
action/line_weight.svg
action/list.svg
action/lock.svg
action/lock_open.svg
action/lock_outline.svg
action/login.svg
action/loyalty.svg
action/markunread_mailbox.svg
action/maximize.svg
action/mediation.svg
action/minimize.svg
action/model_training.svg
action/next_plan.svg
action/note_add.svg
action/not_accessible.svg
action/not_started.svg
action/offline_bolt.svg
action/offline_pin.svg
action/online_prediction.svg
action/opacity.svg
action/open_in_browser.svg
action/open_in_full.svg
action/open_in_new.svg
action/open_with.svg
action/outbond.svg
action/outlet.svg
action/pageview.svg
action/pan_tool.svg
action/payment.svg
action/pending.svg
action/pending_actions.svg
action/perm_camera_mic.svg
action/perm_contact_calendar.svg
action/perm_data_setting.svg
action/perm_device_information.svg
action/perm_identity.svg
action/perm_media.svg
action/perm_phone_msg.svg
action/perm_scan_wifi.svg
action/pets.svg
action/picture_in_picture.svg
action/picture_in_picture_alt.svg
action/plagiarism.svg
action/play_for_work.svg
action/polymer.svg
action/power_settings_new.svg
action/pregnant_woman.svg
action/preview.svg
action/print.svg
action/privacy_tip.svg
action/published_with_changes.svg
action/query_builder.svg
action/question_answer.svg
action/quickreply.svg
action/receipt.svg
action/record_voice_over.svg
action/redeem.svg
action/remove_shopping_cart.svg
action/reorder.svg
action/report_problem.svg
action/request_page.svg
action/restore.svg
action/restore_from_trash.svg
action/restore_page.svg
action/room.svg
action/rounded_corner.svg
action/rowing.svg
action/rule.svg
action/schedule.svg
action/search.svg
action/search_off.svg
action/settings.svg
action/settings_applications.svg
action/settings_backup_restore.svg
action/settings_bluetooth.svg
action/settings_brightness.svg
action/settings_cell.svg
action/settings_ethernet.svg
action/settings_input_antenna.svg
action/settings_input_component.svg
action/settings_input_composite.svg
action/settings_input_hdmi.svg
action/settings_input_svideo.svg
action/settings_overscan.svg
action/settings_phone.svg
action/settings_power.svg
action/settings_remote.svg
action/settings_voice.svg
action/shop.svg
action/shopping_bag.svg
action/shopping_basket.svg
action/shopping_cart.svg
action/shop_two.svg
action/smart_button.svg
action/source.svg
action/speaker_notes.svg
action/speaker_notes_off.svg
action/spellcheck.svg
action/stars.svg
action/star_rate.svg
action/sticky_note_2.svg
action/store.svg
action/subject.svg
action/subtitles_off.svg
action/supervised_user_circle.svg
action/supervisor_account.svg
action/support.svg
action/swap_horiz.svg
action/swap_horizontal_circle.svg
action/swap_vert.svg
action/swap_vertical_circle.svg
action/sync_alt.svg
action/system_update_alt.svg
action/tab.svg
action/table_view.svg
action/tab_unselected.svg
action/text_rotate_up.svg
action/text_rotate_vertical.svg
action/text_rotation_angledown.svg
action/text_rotation_angleup.svg
action/text_rotation_down.svg
action/text_rotation_none.svg
action/theaters.svg
action/thumbs_up_down.svg
action/thumb_down.svg
action/thumb_up.svg
action/timeline.svg
action/toc.svg
action/today.svg
action/toll.svg
action/touch_app.svg
action/tour.svg
action/track_changes.svg
action/translate.svg
action/trending_down.svg
action/trending_flat.svg
action/trending_up.svg
action/turned_in.svg
action/turned_in_not.svg
action/unpublished.svg
action/update.svg
action/upgrade.svg
action/verified.svg
action/verified_user.svg
action/vertical_split.svg
action/view_agenda.svg
action/view_array.svg
action/view_carousel.svg
action/view_column.svg
action/view_day.svg
action/view_headline.svg
action/view_list.svg
action/view_module.svg
action/view_quilt.svg
action/view_sidebar.svg
action/view_stream.svg
action/view_week.svg
action/visibility.svg
action/visibility_off.svg
action/voice_over_off.svg
action/watch_later.svg
action/wifi_protected_setup.svg
action/work.svg
action/work_off.svg
action/work_outline.svg
action/wysiwyg.svg
action/youtube_searched_for.svg
action/zoom_in.svg
action/zoom_out.svg
alert/add_alert.svg
alert/auto_delete.svg
alert/error.svg
alert/error_outline.svg
alert/notification_important.svg
alert/warning.svg
alert/warning_amber.svg
av/4k.svg
av/5g.svg
av/add_to_queue.svg
av/airplay.svg
av/album.svg
av/art_track.svg
av/av_timer.svg
av/branding_watermark.svg
av/call_to_action.svg
av/closed_caption.svg
av/closed_caption_disabled.svg
av/control_camera.svg
av/equalizer.svg
av/explicit.svg
av/fast_forward.svg
av/fast_rewind.svg
av/featured_play_list.svg
av/featured_video.svg
av/fiber_dvr.svg
av/fiber_manual_record.svg
av/fiber_new.svg
av/fiber_pin.svg
av/fiber_smart_record.svg
av/forward_10.svg
av/forward_30.svg
av/forward_5.svg
av/games.svg
av/hd.svg
av/hearing.svg
av/hearing_disabled.svg
av/high_quality.svg
av/library_add.svg
av/library_add_check.svg
av/library_books.svg
av/library_music.svg
av/loop.svg
av/mic.svg
av/mic_none.svg
av/mic_off.svg
av/missed_video_call.svg
av/movie.svg
av/music_video.svg
av/new_releases.svg
av/note.svg
av/not_interested.svg
av/pause.svg
av/pause_circle_filled.svg
av/pause_circle_outline.svg
av/playlist_add.svg
av/playlist_add_check.svg
av/playlist_play.svg
av/play_arrow.svg
av/play_circle_filled.svg
av/play_circle_outline.svg
av/queue.svg
av/queue_music.svg
av/queue_play_next.svg
av/radio.svg
av/recent_actors.svg
av/remove_from_queue.svg
av/repeat.svg
av/repeat_one.svg
av/replay.svg
av/replay_10.svg
av/replay_30.svg
av/replay_5.svg
av/shuffle.svg
av/skip_next.svg
av/skip_previous.svg
av/slow_motion_video.svg
av/snooze.svg
av/sort_by_alpha.svg
av/speed.svg
av/stop.svg
av/stop_circle.svg
av/subscriptions.svg
av/subtitles.svg
av/surround_sound.svg
av/videocam.svg
av/videocam_off.svg
av/video_call.svg
av/video_label.svg
av/video_library.svg
av/video_settings.svg
av/volume_down.svg
av/volume_mute.svg
av/volume_off.svg
av/volume_up.svg
av/web.svg
av/web_asset.svg
communication/add_ic_call.svg
communication/alternate_email.svg
communication/business.svg
communication/call.svg
communication/call_end.svg
communication/call_made.svg
communication/call_merge.svg
communication/call_missed.svg
communication/call_missed_outgoing.svg
communication/call_received.svg
communication/call_split.svg
communication/cancel_presentation.svg
communication/cell_wifi.svg
communication/chat.svg
communication/chat_bubble.svg
communication/chat_bubble_outline.svg
communication/clear_all.svg
communication/comment.svg
communication/contacts.svg
communication/contact_mail.svg
communication/contact_phone.svg
communication/desktop_access_disabled.svg
communication/dialer_sip.svg
communication/dialpad.svg
communication/domain_disabled.svg
communication/domain_verification.svg
communication/duo.svg
communication/email.svg
communication/forum.svg
communication/forward_to_inbox.svg
communication/hourglass_bottom.svg
communication/hourglass_top.svg
communication/import_contacts.svg
communication/import_export.svg
communication/invert_colors_off.svg
communication/list_alt.svg
communication/live_help.svg
communication/location_off.svg
communication/location_on.svg
communication/mail_outline.svg
communication/mark_chat_read.svg
communication/mark_chat_unread.svg
communication/mark_email_read.svg
communication/mark_email_unread.svg
communication/message.svg
communication/mobile_screen_share.svg
communication/more_time.svg
communication/nat.svg
communication/no_sim.svg
communication/pause_presentation.svg
communication/person_add_disabled.svg
communication/person_search.svg
communication/phone.svg
communication/phonelink_erase.svg
communication/phonelink_lock.svg
communication/phonelink_ring.svg
communication/phonelink_setup.svg
communication/phone_disabled.svg
communication/phone_enabled.svg
communication/portable_wifi_off.svg
communication/present_to_all.svg
communication/print_disabled.svg
communication/qr_code.svg
communication/qr_code_scanner.svg
communication/read_more.svg
communication/ring_volume.svg
communication/rss_feed.svg
communication/screen_share.svg
communication/sentiment_satisfied_alt.svg
communication/speaker_phone.svg
communication/stay_current_landscape.svg
communication/stay_current_portrait.svg
communication/stay_primary_landscape.svg
communication/stay_primary_portrait.svg
communication/stop_screen_share.svg
communication/swap_calls.svg
communication/textsms.svg
communication/unsubscribe.svg
communication/voicemail.svg
communication/vpn_key.svg
communication/wifi_calling.svg
content/add.svg
content/add_box.svg
content/add_circle.svg
content/add_circle_outline.svg
content/amp_stories.svg
content/archive.svg
content/attribution.svg
content/backspace.svg
content/ballot.svg
content/biotech.svg
content/block.svg
content/calculate.svg
content/clear.svg
content/content_copy.svg
content/content_cut.svg
content/content_paste.svg
content/create.svg
content/delete_sweep.svg
content/drafts.svg
content/dynamic_feed.svg
content/file_copy.svg
content/filter_list.svg
content/flag.svg
content/font_download.svg
content/forward.svg
content/gesture.svg
content/how_to_reg.svg
content/how_to_vote.svg
content/inbox.svg
content/insights.svg
content/link.svg
content/link_off.svg
content/low_priority.svg
content/mail.svg
content/markunread.svg
content/move_to_inbox.svg
content/next_week.svg
content/outlined_flag.svg
content/policy.svg
content/push_pin.svg
content/redo.svg
content/remove.svg
content/remove_circle.svg
content/remove_circle_outline.svg
content/reply.svg
content/reply_all.svg
content/report.svg
content/report_gmailerrorred.svg
content/report_off.svg
content/save.svg
content/save_alt.svg
content/select_all.svg
content/send.svg
content/sort.svg
content/square_foot.svg
content/text_format.svg
content/unarchive.svg
content/undo.svg
content/waves.svg
content/weekend.svg
content/where_to_vote.svg
device/access_alarm.svg
device/access_alarms.svg
device/access_time.svg
device/add_alarm.svg
device/add_to_home_screen.svg
device/ad_units.svg
device/airplanemode_active.svg
device/airplanemode_inactive.svg
device/battery_20.svg
device/battery_30.svg
device/battery_50.svg
device/battery_60.svg
device/battery_80.svg
device/battery_90.svg
device/battery_alert.svg
device/battery_charging_20.svg
device/battery_charging_30.svg
device/battery_charging_50.svg
device/battery_charging_60.svg
device/battery_charging_80.svg
device/battery_charging_90.svg
device/battery_charging_full.svg
device/battery_full.svg
device/battery_std.svg
device/battery_unknown.svg
device/bluetooth.svg
device/bluetooth_connected.svg
device/bluetooth_disabled.svg
device/bluetooth_searching.svg
device/brightness_auto.svg
device/brightness_high.svg
device/brightness_low.svg
device/brightness_medium.svg
device/data_usage.svg
device/developer_mode.svg
device/devices.svg
device/dvr.svg
device/gps_fixed.svg
device/gps_not_fixed.svg
device/gps_off.svg
device/graphic_eq.svg
device/location_disabled.svg
device/location_searching.svg
device/mobile_friendly.svg
device/mobile_off.svg
device/network_cell.svg
device/network_wifi.svg
device/nfc.svg
device/screen_lock_landscape.svg
device/screen_lock_portrait.svg
device/screen_lock_rotation.svg
device/screen_rotation.svg
device/sd_storage.svg
device/settings_system_daydream.svg
device/signal_cellular_0_bar.svg
device/signal_cellular_1_bar.svg
device/signal_cellular_2_bar.svg
device/signal_cellular_3_bar.svg
device/signal_cellular_4_bar.svg
device/signal_cellular_alt.svg
device/signal_cellular_connected_no_internet_0_bar.svg
device/signal_cellular_connected_no_internet_1_bar.svg
device/signal_cellular_connected_no_internet_2_bar.svg
device/signal_cellular_connected_no_internet_3_bar.svg
device/signal_cellular_connected_no_internet_4_bar.svg
device/signal_cellular_no_sim.svg
device/signal_cellular_null.svg
device/signal_cellular_off.svg
device/signal_wifi_0_bar.svg
device/signal_wifi_1_bar.svg
device/signal_wifi_1_bar_lock.svg
device/signal_wifi_2_bar.svg
device/signal_wifi_2_bar_lock.svg
device/signal_wifi_3_bar.svg
device/signal_wifi_3_bar_lock.svg
device/signal_wifi_4_bar.svg
device/signal_wifi_4_bar_lock.svg
device/signal_wifi_off.svg
device/storage.svg
device/thermostat.svg
device/usb.svg
device/wallpaper.svg
device/widgets.svg
device/wifi_lock.svg
device/wifi_tethering.svg
editor/add_comment.svg
editor/attach_file.svg
editor/attach_money.svg
editor/bar_chart.svg
editor/border_all.svg
editor/border_bottom.svg
editor/border_clear.svg
editor/border_color.svg
editor/border_horizontal.svg
editor/border_inner.svg
editor/border_left.svg
editor/border_outer.svg
editor/border_right.svg
editor/border_style.svg
editor/border_top.svg
editor/border_vertical.svg
editor/bubble_chart.svg
editor/drag_handle.svg
editor/format_align_center.svg
editor/format_align_justify.svg
editor/format_align_left.svg
editor/format_align_right.svg
editor/format_bold.svg
editor/format_clear.svg
editor/format_color_fill.svg
editor/format_color_reset.svg
editor/format_color_text.svg
editor/format_indent_decrease.svg
editor/format_indent_increase.svg
editor/format_italic.svg
editor/format_line_spacing.svg
editor/format_list_bulleted.svg
editor/format_list_numbered.svg
editor/format_list_numbered_rtl.svg
editor/format_paint.svg
editor/format_quote.svg
editor/format_shapes.svg
editor/format_size.svg
editor/format_strikethrough.svg
editor/format_textdirection_l_to_r.svg
editor/format_textdirection_r_to_l.svg
editor/format_underlined.svg
editor/functions.svg
editor/height.svg
editor/highlight.svg
editor/horizontal_rule.svg
editor/insert_chart.svg
editor/insert_chart_outlined.svg
editor/insert_comment.svg
editor/insert_drive_file.svg
editor/insert_emoticon.svg
editor/insert_invitation.svg
editor/insert_link.svg
editor/insert_photo.svg
editor/linear_scale.svg
editor/merge_type.svg
editor/mode.svg
editor/mode_comment.svg
editor/monetization_on.svg
editor/money_off.svg
editor/money_off_csred.svg
editor/multiline_chart.svg
editor/notes.svg
editor/pie_chart.svg
editor/pie_chart_outline.svg
editor/post_add.svg
editor/publish.svg
editor/scatter_plot.svg
editor/score.svg
editor/short_text.svg
editor/show_chart.svg
editor/space_bar.svg
editor/stacked_line_chart.svg
editor/strikethrough_s.svg
editor/subscript.svg
editor/superscript.svg
editor/table_chart.svg
editor/table_rows.svg
editor/text_fields.svg
editor/title.svg
editor/vertical_align_bottom.svg
editor/vertical_align_center.svg
editor/vertical_align_top.svg
editor/wrap_text.svg
file/attachment.svg
file/attach_email.svg
file/cloud.svg
file/cloud_circle.svg
file/cloud_done.svg
file/cloud_download.svg
file/cloud_off.svg
file/cloud_queue.svg
file/cloud_upload.svg
file/create_new_folder.svg
file/download.svg
file/download_done.svg
file/folder.svg
file/folder_open.svg
file/folder_shared.svg
file/request_quote.svg
file/rule_folder.svg
file/snippet_folder.svg
file/text_snippet.svg
file/topic.svg
file/upload.svg
hardware/browser_not_supported.svg
hardware/cast.svg
hardware/cast_connected.svg
hardware/cast_for_education.svg
hardware/computer.svg
hardware/desktop_mac.svg
hardware/desktop_windows.svg
hardware/developer_board.svg
hardware/devices_other.svg
hardware/device_hub.svg
hardware/device_unknown.svg
hardware/dock.svg
hardware/gamepad.svg
hardware/headset.svg
hardware/headset_mic.svg
hardware/keyboard.svg
hardware/keyboard_arrow_down.svg
hardware/keyboard_arrow_left.svg
hardware/keyboard_arrow_right.svg
hardware/keyboard_arrow_up.svg
hardware/keyboard_backspace.svg
hardware/keyboard_capslock.svg
hardware/keyboard_hide.svg
hardware/keyboard_return.svg
hardware/keyboard_tab.svg
hardware/keyboard_voice.svg
hardware/laptop.svg
hardware/laptop_chromebook.svg
hardware/laptop_mac.svg
hardware/laptop_windows.svg
hardware/memory.svg
hardware/mouse.svg
hardware/phonelink.svg
hardware/phonelink_off.svg
hardware/phone_android.svg
hardware/phone_iphone.svg
hardware/point_of_sale.svg
hardware/power_input.svg
hardware/router.svg
hardware/scanner.svg
hardware/security.svg
hardware/sim_card.svg
hardware/smartphone.svg
hardware/speaker.svg
hardware/speaker_group.svg
hardware/tablet.svg
hardware/tablet_android.svg
hardware/tablet_mac.svg
hardware/toys.svg
hardware/tv.svg
hardware/videogame_asset.svg
hardware/watch.svg
home/sensor_door.svg
home/sensor_window.svg
image/add_a_photo.svg
image/add_photo_alternate.svg
image/add_to_photos.svg
image/adjust.svg
image/assistant.svg
image/assistant_photo.svg
image/audiotrack.svg
image/bedtime.svg
image/blur_circular.svg
image/blur_linear.svg
image/blur_off.svg
image/blur_on.svg
image/brightness_1.svg
image/brightness_2.svg
image/brightness_3.svg
image/brightness_4.svg
image/brightness_5.svg
image/brightness_6.svg
image/brightness_7.svg
image/broken_image.svg
image/brush.svg
image/burst_mode.svg
image/camera.svg
image/camera_alt.svg
image/camera_front.svg
image/camera_rear.svg
image/camera_roll.svg
image/center_focus_strong.svg
image/center_focus_weak.svg
image/collections.svg
image/collections_bookmark.svg
image/colorize.svg
image/color_lens.svg
image/compare.svg
image/control_point.svg
image/control_point_duplicate.svg
image/crop.svg
image/crop_16_9.svg
image/crop_3_2.svg
image/crop_5_4.svg
image/crop_7_5.svg
image/crop_din.svg
image/crop_free.svg
image/crop_landscape.svg
image/crop_original.svg
image/crop_portrait.svg
image/crop_rotate.svg
image/crop_square.svg
image/dehaze.svg
image/details.svg
image/edit.svg
image/euro.svg
image/exposure.svg
image/exposure_neg_1.svg
image/exposure_neg_2.svg
image/exposure_plus_1.svg
image/exposure_plus_2.svg
image/exposure_zero.svg
image/filter.svg
image/filter_1.svg
image/filter_2.svg
image/filter_3.svg
image/filter_4.svg
image/filter_5.svg
image/filter_6.svg
image/filter_7.svg
image/filter_8.svg
image/filter_9.svg
image/filter_9_plus.svg
image/filter_b_and_w.svg
image/filter_center_focus.svg
image/filter_drama.svg
image/filter_frames.svg
image/filter_hdr.svg
image/filter_none.svg
image/filter_tilt_shift.svg
image/filter_vintage.svg
image/flare.svg
image/flash_auto.svg
image/flash_off.svg
image/flash_on.svg
image/flip.svg
image/flip_camera_android.svg
image/flip_camera_ios.svg
image/gradient.svg
image/grain.svg
image/grid_off.svg
image/grid_on.svg
image/hdr_off.svg
image/hdr_on.svg
image/hdr_strong.svg
image/hdr_weak.svg
image/healing.svg
image/image.svg
image/image_aspect_ratio.svg
image/image_not_supported.svg
image/image_search.svg
image/iso.svg
image/landscape.svg
image/leak_add.svg
image/leak_remove.svg
image/lens.svg
image/linked_camera.svg
image/looks.svg
image/looks_3.svg
image/looks_4.svg
image/looks_5.svg
image/looks_6.svg
image/looks_one.svg
image/looks_two.svg
image/loupe.svg
image/monochrome_photos.svg
image/motion_photos_on.svg
image/motion_photos_pause.svg
image/motion_photos_paused.svg
image/movie_creation.svg
image/movie_filter.svg
image/music_note.svg
image/music_off.svg
image/nature.svg
image/nature_people.svg
image/navigate_before.svg
image/navigate_next.svg
image/palette.svg
image/panorama.svg
image/panorama_fish_eye.svg
image/panorama_horizontal.svg
image/panorama_vertical.svg
image/panorama_wide_angle.svg
image/photo.svg
image/photo_album.svg
image/photo_camera.svg
image/photo_filter.svg
image/photo_library.svg
image/photo_size_select_actual.svg
image/photo_size_select_large.svg
image/photo_size_select_small.svg
image/picture_as_pdf.svg
image/portrait.svg
image/receipt_long.svg
image/remove_red_eye.svg
image/rotate_90_degrees_ccw.svg
image/rotate_left.svg
image/rotate_right.svg
image/shutter_speed.svg
image/slideshow.svg
image/straighten.svg
image/style.svg
image/switch_camera.svg
image/switch_video.svg
image/tag_faces.svg
image/texture.svg
image/timelapse.svg
image/timer.svg
image/timer_10.svg
image/timer_3.svg
image/timer_off.svg
image/tonality.svg
image/transform.svg
image/tune.svg
image/view_comfy.svg
image/view_compact.svg
image/vignette.svg
image/wb_auto.svg
image/wb_cloudy.svg
image/wb_incandescent.svg
image/wb_iridescent.svg
image/wb_sunny.svg
maps/360.svg
maps/add_business.svg
maps/add_location.svg
maps/add_location_alt.svg
maps/add_road.svg
maps/agriculture.svg
maps/alt_route.svg
maps/atm.svg
maps/beenhere.svg
maps/bike_scooter.svg
maps/category.svg
maps/cleaning_services.svg
maps/compass_calibration.svg
maps/departure_board.svg
maps/design_services.svg
maps/directions.svg
maps/directions_bike.svg
maps/directions_boat.svg
maps/directions_bus.svg
maps/directions_car.svg
maps/directions_railway.svg
maps/directions_run.svg
maps/directions_subway.svg
maps/directions_transit.svg
maps/directions_walk.svg
maps/edit_attributes.svg
maps/edit_location.svg
maps/edit_road.svg
maps/electrical_services.svg
maps/electric_bike.svg
maps/electric_car.svg
maps/electric_moped.svg
maps/electric_rickshaw.svg
maps/electric_scooter.svg
maps/ev_station.svg
maps/fastfood.svg
maps/flight.svg
maps/handyman.svg
maps/home_repair_service.svg
maps/hotel.svg
maps/hvac.svg
maps/layers.svg
maps/layers_clear.svg
maps/local_activity.svg
maps/local_airport.svg
maps/local_atm.svg
maps/local_bar.svg
maps/local_cafe.svg
maps/local_car_wash.svg
maps/local_convenience_store.svg
maps/local_dining.svg
maps/local_drink.svg
maps/local_fire_department.svg
maps/local_florist.svg
maps/local_gas_station.svg
maps/local_grocery_store.svg
maps/local_hospital.svg
maps/local_hotel.svg
maps/local_laundry_service.svg
maps/local_library.svg
maps/local_mall.svg
maps/local_movies.svg
maps/local_offer.svg
maps/local_parking.svg
maps/local_pharmacy.svg
maps/local_phone.svg
maps/local_pizza.svg
maps/local_play.svg
maps/local_police.svg
maps/local_post_office.svg
maps/local_printshop.svg
maps/local_see.svg
maps/local_shipping.svg
maps/local_taxi.svg
maps/map.svg
maps/maps_ugc.svg
maps/medical_services.svg
maps/menu_book.svg
maps/miscellaneous_services.svg
maps/money.svg
maps/moped.svg
maps/multiple_stop.svg
maps/museum.svg
maps/my_location.svg
maps/navigation.svg
maps/near_me.svg
maps/near_me_disabled.svg
maps/not_listed_location.svg
maps/no_meals.svg
maps/no_transfer.svg
maps/pedal_bike.svg
maps/person_pin.svg
maps/person_pin_circle.svg
maps/pest_control.svg
maps/pest_control_rodent.svg
maps/pin_drop.svg
maps/place.svg
maps/plumbing.svg
maps/rate_review.svg
maps/restaurant.svg
maps/restaurant_menu.svg
maps/run_circle.svg
maps/satellite.svg
maps/set_meal.svg
maps/store_mall_directory.svg
maps/streetview.svg
maps/subway.svg
maps/terrain.svg
maps/traffic.svg
maps/train.svg
maps/tram.svg
maps/transfer_within_a_station.svg
maps/transit_enterexit.svg
maps/trip_origin.svg
maps/two_wheeler.svg
maps/wine_bar.svg
maps/wrong_location.svg
maps/zoom_out_map.svg
navigation/apps.svg
navigation/app_settings_alt.svg
navigation/arrow_back.svg
navigation/arrow_back_ios.svg
navigation/arrow_downward.svg
navigation/arrow_drop_down.svg
navigation/arrow_drop_down_circle.svg
navigation/arrow_drop_up.svg
navigation/arrow_forward.svg
navigation/arrow_forward_ios.svg
navigation/arrow_left.svg
navigation/arrow_right.svg
navigation/arrow_upward.svg
navigation/campaign.svg
navigation/cancel.svg
navigation/check.svg
navigation/chevron_left.svg
navigation/chevron_right.svg
navigation/close.svg
navigation/double_arrow.svg
navigation/east.svg
navigation/expand_less.svg
navigation/expand_more.svg
navigation/first_page.svg
navigation/fullscreen.svg
navigation/fullscreen_exit.svg
navigation/home_work.svg
navigation/last_page.svg
navigation/legend_toggle.svg
navigation/menu.svg
navigation/menu_open.svg
navigation/more_horiz.svg
navigation/more_vert.svg
navigation/north.svg
navigation/north_east.svg
navigation/north_west.svg
navigation/payments.svg
navigation/refresh.svg
navigation/south.svg
navigation/south_east.svg
navigation/south_west.svg
navigation/subdirectory_arrow_left.svg
navigation/subdirectory_arrow_right.svg
navigation/switch_left.svg
navigation/switch_right.svg
navigation/unfold_less.svg
navigation/unfold_more.svg
navigation/west.svg
notification/account_tree.svg
notification/adb.svg
notification/airline_seat_flat.svg
notification/airline_seat_flat_angled.svg
notification/airline_seat_individual_suite.svg
notification/airline_seat_legroom_extra.svg
notification/airline_seat_legroom_normal.svg
notification/airline_seat_legroom_reduced.svg
notification/airline_seat_recline_extra.svg
notification/airline_seat_recline_normal.svg
notification/bluetooth_audio.svg
notification/confirmation_number.svg
notification/directions_off.svg
notification/disc_full.svg
notification/do_disturb.svg
notification/do_disturb_alt.svg
notification/do_disturb_off.svg
notification/do_disturb_on.svg
notification/drive_eta.svg
notification/enhanced_encryption.svg
notification/event_available.svg
notification/event_busy.svg
notification/event_note.svg
notification/folder_special.svg
notification/live_tv.svg
notification/mms.svg
notification/more.svg
notification/network_check.svg
notification/network_locked.svg
notification/no_encryption.svg
notification/no_encryption_gmailerrorred.svg
notification/ondemand_video.svg
notification/personal_video.svg
notification/phone_bluetooth_speaker.svg
notification/phone_callback.svg
notification/phone_forwarded.svg
notification/phone_in_talk.svg
notification/phone_locked.svg
notification/phone_missed.svg
notification/phone_paused.svg
notification/power.svg
notification/power_off.svg
notification/priority_high.svg
notification/sd_card.svg
notification/sd_card_alert.svg
notification/sms.svg
notification/sms_failed.svg
notification/support_agent.svg
notification/sync.svg
notification/sync_disabled.svg
notification/sync_problem.svg
notification/system_update.svg
notification/tap_and_play.svg
notification/time_to_leave.svg
notification/tv_off.svg
notification/vibration.svg
notification/voice_chat.svg
notification/vpn_lock.svg
notification/wc.svg
notification/wifi.svg
notification/wifi_off.svg
places/ac_unit.svg
places/airport_shuttle.svg
places/all_inclusive.svg
places/apartment.svg
places/baby_changing_station.svg
places/backpack.svg
places/bathtub.svg
places/beach_access.svg
places/bento.svg
places/business_center.svg
places/carpenter.svg
places/casino.svg
places/charging_station.svg
places/checkroom.svg
places/child_care.svg
places/child_friendly.svg
places/corporate_fare.svg
places/countertops.svg
places/do_not_step.svg
places/do_not_touch.svg
places/dry.svg
places/elevator.svg
places/escalator.svg
places/escalator_warning.svg
places/family_restroom.svg
places/fence.svg
places/fire_extinguisher.svg
places/fitness_center.svg
places/food_bank.svg
places/foundation.svg
places/free_breakfast.svg
places/golf_course.svg
places/grass.svg
places/hot_tub.svg
places/house.svg
places/house_siding.svg
places/kitchen.svg
places/meeting_room.svg
places/microwave.svg
places/night_shelter.svg
places/no_backpack.svg
places/no_cell.svg
places/no_drinks.svg
places/no_flash.svg
places/no_food.svg
places/no_meeting_room.svg
places/no_photography.svg
places/no_stroller.svg
places/pool.svg
places/rice_bowl.svg
places/roofing.svg
places/room_preferences.svg
places/room_service.svg
places/rv_hookup.svg
places/smoke_free.svg
places/smoking_rooms.svg
places/soap.svg
places/spa.svg
places/sports_bar.svg
places/stairs.svg
places/storefront.svg
places/stroller.svg
places/tapas.svg
places/tty.svg
places/umbrella.svg
places/wash.svg
places/water_damage.svg
places/wheelchair_pickup.svg
social/6_ft_apart.svg
social/architecture.svg
social/cake.svg
social/clean_hands.svg
social/connect_without_contact.svg
social/construction.svg
social/coronavirus.svg
social/deck.svg
social/domain.svg
social/elderly.svg
social/emoji_emotions.svg
social/emoji_events.svg
social/emoji_flags.svg
social/emoji_food_beverage.svg
social/emoji_nature.svg
social/emoji_objects.svg
social/emoji_people.svg
social/emoji_symbols.svg
social/emoji_transportation.svg
social/engineering.svg
social/facebook.svg
social/fireplace.svg
social/follow_the_signs.svg
social/group.svg
social/groups.svg
social/group_add.svg
social/history_edu.svg
social/king_bed.svg
social/location_city.svg
social/luggage.svg
social/masks.svg
social/military_tech.svg
social/mood.svg
social/mood_bad.svg
social/nights_stay.svg
social/notifications.svg
social/notifications_active.svg
social/notifications_none.svg
social/notifications_off.svg
social/notifications_paused.svg
social/no_luggage.svg
social/outdoor_grill.svg
social/pages.svg
social/party_mode.svg
social/people.svg
social/people_alt.svg
social/people_outline.svg
social/person.svg
social/person_add.svg
social/person_add_alt_1.svg
social/person_outline.svg
social/person_remove.svg
social/person_remove_alt_1.svg
social/plus_one.svg
social/poll.svg
social/precision_manufacturing.svg
social/psychology.svg
social/public.svg
social/public_off.svg
social/reduce_capacity.svg
social/sanitizer.svg
social/school.svg
social/science.svg
social/self_improvement.svg
social/sentiment_dissatisfied.svg
social/sentiment_neutral.svg
social/sentiment_satisfied.svg
social/sentiment_very_dissatisfied.svg
social/sentiment_very_satisfied.svg
social/share.svg
social/sick.svg
social/single_bed.svg
social/sports.svg
social/sports_baseball.svg
social/sports_basketball.svg
social/sports_cricket.svg
social/sports_esports.svg
social/sports_football.svg
social/sports_golf.svg
social/sports_handball.svg
social/sports_hockey.svg
social/sports_kabaddi.svg
social/sports_mma.svg
social/sports_motorsports.svg
social/sports_rugby.svg
social/sports_soccer.svg
social/sports_tennis.svg
social/sports_volleyball.svg
social/thumb_down_alt.svg
social/thumb_up_alt.svg
social/whatshot.svg
toggle/check_box.svg
toggle/check_box_outline_blank.svg
toggle/indeterminate_check_box.svg
toggle/radio_button_checked.svg
toggle/radio_button_unchecked.svg
toggle/star.svg
toggle/star_border.svg
toggle/star_half.svg
toggle/star_outline.svg
toggle/toggle_off.svg
toggle/toggle_on.svg
