device/airplanemode_active.bmp
device/wifi_lock.bmp
device/signal_wifi_off.bmp
device/signal_wifi_0_bar.bmp
device/signal_wifi_1_bar.bmp
device/signal_wifi_2_bar.bmp
device/signal_wifi_3_bar.bmp
device/signal_wifi_4_bar.bmp
device/signal_wifi_1_bar_lock.bmp
device/signal_wifi_2_bar_lock.bmp
device/signal_wifi_3_bar_lock.bmp
device/signal_wifi_4_bar_lock.bmp
notification/wifi.bmp
device/battery_20.bmp
device/battery_30.bmp
device/battery_50.bmp
device/battery_60.bmp
device/battery_80.bmp
device/battery_90.bmp
device/battery_full.bmp
device/battery_alert.bmp
device/battery_charging_20.bmp
device/battery_charging_30.bmp
device/battery_charging_50.bmp
device/battery_charging_60.bmp
device/battery_charging_80.bmp
device/battery_charging_90.bmp
device/battery_charging_full.bmp
device/battery_std.bmp
device/battery_unknown.bmp
device/bluetooth.bmp
device/bluetooth_connected.bmp
device/bluetooth_disabled.bmp
device/bluetooth_searching.bmp
device/signal_cellular_0_bar.bmp
device/signal_cellular_1_bar.bmp
device/signal_cellular_2_bar.bmp
device/signal_cellular_3_bar.bmp
device/signal_cellular_4_bar.bmp
device/signal_cellular_connected_no_internet_0_bar.bmp
device/signal_cellular_connected_no_internet_1_bar.bmp
device/signal_cellular_connected_no_internet_2_bar.bmp
device/signal_cellular_connected_no_internet_3_bar.bmp
device/signal_cellular_connected_no_internet_4_bar.bmp
device/signal_cellular_off.bmp
device/signal_cellular_no_sim.bmp
device/signal_cellular_null.bmp
device/signal_cellular_alt.bmp
device/sd_storage.bmp
action/settings.bmp
action/search.bmp
action/home.bmp
action/lock.bmp
action/lock_open.bmp
action/power_settings_new.bmp
action/backup.bmp
action/restore.bmp
notification/sync.bmp
notification/sync_disabled.bmp
action/cached.bmp
action/account_circle.bmp
action/visibility.bmp
action/visibility_off.bmp
action/favorite.bmp
action/favorite_border.bmp
alert/error.bmp
alert/warning.bmp
alert/notification_important.bmp
action/info.bmp
action/help.bmp
action/bug_report.bmp
action/alarm.bmp
action/alarm_on.bmp
action/alarm_off.bmp
action/schedule.bmp
action/today.bmp
action/event.bmp
action/history.bmp
av/play_arrow.bmp
av/pause.bmp
av/stop.bmp
av/skip_next.bmp
av/skip_previous.bmp
av/fast_forward.bmp
av/fast_rewind.bmp
av/volume_up.bmp
av/volume_down.bmp
av/volume_mute.bmp
av/volume_off.bmp
av/mic.bmp
av/mic_off.bmp
hardware/headset.bmp
hardware/speaker.bmp
image/camera.bmp
image/camera_alt.bmp
image/photo.bmp
image/photo_camera.bmp
image/flash_on.bmp
image/flash_off.bmp
av/videocam.bmp
av/videocam_off.bmp
communication/phone.bmp
communication/call.bmp
communication/call_end.bmp
communication/contacts.bmp
communication/chat.bmp
communication/message.bmp
communication/email.bmp
notification/phone_locked.bmp
notification/phone_missed.bmp
communication/phonelink_ring.bmp
content/add.bmp
content/remove.bmp
content/clear.bmp
content/create.bmp
content/save.bmp
content/send.bmp
content/content_paste.bmp
content/sort.bmp
content/filter_list.bmp
action/delete.bmp
maps/place.bmp
maps/navigation.bmp
maps/my_location.bmp
device/gps_fixed.bmp
device/gps_not_fixed.bmp
device/location_searching.bmp
device/gps_off.bmp
device/location_disabled.bmp
device/location_searching.bmp
device/location_disabled.bmp
device/brightness_low.bmp
device/brightness_medium.bmp
device/brightness_high.bmp
device/brightness_auto.bmp
device/network_cell.bmp
device/network_wifi.bmp
device/data_usage.bmp
device/nfc.bmp
hardware/sim_card.bmp
hardware/memory.bmp
hardware/keyboard.bmp
hardware/keyboard_arrow_up.bmp
hardware/keyboard_arrow_down.bmp
hardware/keyboard_arrow_left.bmp
hardware/keyboard_arrow_right.bmp
hardware/smartphone.bmp
toggle/check_box.bmp
toggle/check_box_outline_blank.bmp
toggle/radio_button_checked.bmp
toggle/radio_button_unchecked.bmp
toggle/toggle_on.bmp
toggle/toggle_off.bmp
image/brush.bmp